// Vitest Snapshot v1

exports[`molecules::Sidebar > renders without exploding 1`] = `
<DocumentFragment>
  <div
    class="mantine-Stack-root mantine-10645ii"
  >
    <nav
      class="mantine-Navbar-root mantine-pjloqa"
    >
      <div
        class="mantine-khtkeg"
      >
        <svg
          class="mantine-evhmzv"
          fill="none"
          height="1em"
          viewBox="0 0 23 34"
          width="1em"
          xmlns="http://www.w3.org/2000/svg"
        >
          <path
            d="M7.22164 18.082H16.4458V8.59668H22.8342V33.1724H16.4458V23.1004H7.22164V33.1724H0.834229V8.59766H7.22164V18.082Z"
            fill="#111111"
          />
          <path
            d="M11.8585 6.45391C13.6407 6.45391 15.0855 5.00915 15.0855 3.22695C15.0855 1.44476 13.6407 0 11.8585 0C10.0763 0 8.63159 1.44476 8.63159 3.22695C8.63159 5.00915 10.0763 6.45391 11.8585 6.45391Z"
            fill="#111111"
          />
        </svg>
      </div>
      <div
        class="mantine-khtkeg"
      >
        <button
          class="mantine-UnstyledButton-root mantine-1fq8ags"
          type="button"
        >
          <div
            class="mantine-Group-root mantine-6y1794"
          >
            <svg
              class="mantine-gnzaph mantine-Group-child"
              fill="none"
              height="1em"
              viewBox="0 0 19 18"
              width="1em"
              xmlns="http://www.w3.org/2000/svg"
            >
              <path
                d="M8.02888 9.38354C8.08123 9.85966 7.74098 10.2829 7.29603 10.3358L2.19219 10.9971C1.4855 11.0764 0.883514 10.468 0.988208 9.72741L1.72107 4.75459C1.79959 4.27847 2.21836 3.96106 2.68949 4.04041H2.71566C3.18678 4.11976 3.50087 4.54298 3.42235 5.0191L3.02974 7.71712L10.4107 0.257899C10.7509 -0.0859662 11.3006 -0.0859662 11.6408 0.257899C11.9811 0.601763 11.9811 1.15724 11.6408 1.5011L4.20755 9.01323L7.06046 8.64291C7.53159 8.56356 7.97654 8.90742 8.02888 9.38354ZM12.0596 8.77517V8.82807C12.1381 9.30419 12.5569 9.6216 13.028 9.54225L15.5407 9.17193L8.29062 16.4989C7.95036 16.8428 7.95036 17.3982 8.29062 17.7421C8.63088 18.086 9.18052 18.086 9.52077 17.7421L17.0326 10.1242L16.64 13.1661C16.5876 13.6422 16.9017 14.0654 17.399 14.1447C17.8701 14.1976 18.2889 13.8538 18.3412 13.4041L18.9694 8.27259C19.0479 7.55841 18.4459 6.95004 17.7131 7.05584L12.7663 7.79647C12.2952 7.84938 11.9811 8.29905 12.0596 8.77517Z"
                fill="#111111"
              />
            </svg>
            <div
              class="mantine-Text-root mantine-Group-child __mantine-ref-text mantine-1b3ywxa"
            >
              Markets
            </div>
          </div>
        </button>
      </div>
      <div
        class="mantine-khtkeg"
      >
        <button
          class="mantine-UnstyledButton-root mantine-1fq8ags"
          type="button"
        >
          <div
            class="mantine-Group-root mantine-6y1794"
          >
            <svg
              class="mantine-gnzaph mantine-Group-child"
              fill="none"
              height="1em"
              viewBox="0 0 20 20"
              width="1em"
              xmlns="http://www.w3.org/2000/svg"
            >
              <path
                d="M18.457 10.2735L18.457 10.2735C18.8261 10.6429 19.0334 11.1436 19.0334 11.6658C19.0334 12.1879 18.8261 12.6887 18.457 13.058L18.457 13.058L12.8927 18.6223L18.457 10.2735ZM18.457 10.2735L9.5618 1.37834C9.56163 1.37816 9.56146 1.37799 9.56129 1.37781C9.3794 1.19329 9.16239 1.0471 8.92305 0.947862C8.68371 0.848621 8.4269 0.798359 8.16781 0.800041H2.60375C2.08141 0.800041 1.58047 1.00754 1.21112 1.37689C0.841768 1.74624 0.634269 2.24718 0.634269 2.76952V8.33358C0.632587 8.59267 0.68285 8.84948 0.782091 9.08882C0.881327 9.32816 1.02752 9.54518 1.21204 9.72706C1.21221 9.72723 1.21239 9.7274 1.21256 9.72758L10.1067 18.6217C10.1068 18.6219 10.107 18.6221 10.1072 18.6223C10.2891 18.8067 10.5061 18.9529 10.7454 19.0521C10.9847 19.1514 11.2414 19.2016 11.5004 19.2M18.457 10.2735L11.5004 19.2M11.5004 19.2C11.759 19.2005 12.0151 19.1497 12.254 19.0507C12.4929 18.9516 12.7099 18.8062 12.8922 18.6227L11.5004 19.2ZM11.5004 19.2C11.5001 19.2 11.4998 19.2 11.4995 19.2L11.5 19L11.5004 19.2ZM1.94952 8.33509V8.33425V2.76952C1.94952 2.59601 2.01845 2.4296 2.14114 2.30691C2.26383 2.18422 2.43024 2.11529 2.60375 2.11529H8.16237V2.1153L8.16441 2.11528C8.25096 2.1144 8.33681 2.13086 8.41689 2.16369C8.49698 2.19653 8.56967 2.24507 8.63069 2.30646L8.63131 2.30707L17.5397 11.1911L17.5397 11.1911L17.5421 11.1934C17.6047 11.2538 17.6545 11.3263 17.6885 11.4064C17.7225 11.4865 17.74 11.5726 17.74 11.6597C17.74 11.7467 17.7225 11.8328 17.6885 11.9129C17.6545 11.993 17.6047 12.0655 17.5421 12.1259L17.542 12.1259L17.5396 12.1284L11.9748 17.6931L11.9748 17.6931L11.9724 17.6956C11.9119 17.7582 11.8395 17.808 11.7594 17.842C11.6793 17.8761 11.5931 17.8936 11.5061 17.8936C11.4191 17.8936 11.3329 17.8761 11.2528 17.842C11.1727 17.808 11.1003 17.7582 11.0398 17.6956L11.0373 17.6931L2.14153 8.80341C2.14146 8.80335 2.1414 8.80328 2.14133 8.80321C2.08019 8.74166 2.03178 8.66865 1.99887 8.58838C1.96592 8.50802 1.94915 8.42194 1.94952 8.33509Z"
                fill="#111"
              />
              <path
                d="M5.00167 6.08293C5.50715 6.08293 5.91692 5.67316 5.91692 5.16769C5.91692 4.66221 5.50715 4.25244 5.00167 4.25244C4.4962 4.25244 4.08643 4.66221 4.08643 5.16769C4.08643 5.67316 4.4962 6.08293 5.00167 6.08293Z"
                fill="#111"
              />
            </svg>
            <div
              class="mantine-Text-root mantine-Group-child __mantine-ref-text mantine-1b3ywxa"
            >
              My Offers
            </div>
          </div>
        </button>
      </div>
      <div
        class="mantine-khtkeg"
      >
        <button
          class="mantine-UnstyledButton-root mantine-1fq8ags"
          type="button"
        >
          <div
            class="mantine-Group-root mantine-6y1794"
          >
            <svg
              class="mantine-gnzaph mantine-Group-child"
              fill="none"
              height="1em"
              viewBox="0 0 19 18"
              width="1em"
              xmlns="http://www.w3.org/2000/svg"
            >
              <path
                d="M17.7537 1.60001H1.63423C1.19243 1.60001 0.834229 1.2418 0.834229 0.800003C0.834229 0.358201 1.19243 0 1.63423 0H17.7537C18.1955 0 18.5537 0.358201 18.5537 0.800003C18.5537 1.2418 18.1955 1.60001 17.7537 1.60001Z"
                fill="#111111"
              />
              <path
                d="M17.7537 9.60001H1.63423C1.19243 9.60001 0.834229 9.2418 0.834229 8.8C0.834229 8.3582 1.19243 8 1.63423 8H17.7537C18.1955 8 18.5537 8.3582 18.5537 8.8C18.5537 9.2418 18.1955 9.60001 17.7537 9.60001Z"
                fill="#111111"
              />
              <path
                d="M17.7537 17.6H1.63423C1.19243 17.6 0.834229 17.2418 0.834229 16.8C0.834229 16.3582 1.19243 16 1.63423 16H17.7537C18.1955 16 18.5537 16.3582 18.5537 16.8C18.5537 17.2418 18.1955 17.6 17.7537 17.6Z"
                fill="#111111"
              />
            </svg>
            <div
              class="mantine-Text-root mantine-Group-child __mantine-ref-text mantine-1b3ywxa"
            >
              My Trades
            </div>
          </div>
        </button>
      </div>
      <div
        class="mantine-khtkeg"
      >
        <button
          class="mantine-UnstyledButton-root mantine-1fq8ags"
          type="button"
        >
          <div
            class="mantine-Group-root mantine-6y1794"
          >
            <svg
              class="mantine-gnzaph mantine-Group-child"
              fill="none"
              height="1em"
              viewBox="0 0 19 18"
              width="1em"
              xmlns="http://www.w3.org/2000/svg"
            >
              <path
                d="M8.17672 15C8.25963 15.75 8.89547 16.3333 9.66756 16.3333C10.4397 16.3333 11.0755 15.75 11.1584 15H8.17672ZM12.8299 15C12.7433 16.6714 11.3606 18 9.66756 18C7.97457 18 6.59188 16.6714 6.50521 15H2.33469C1.506 15 0.834229 14.3291 0.834229 13.5006V13.1661C0.834229 11.9577 1.69325 10.9498 2.83423 10.7172V6.83308C2.83423 3.05831 5.89317 0 9.66756 0C13.442 0 16.5009 3.05903 16.5009 6.83308V10.717C17.6432 10.9492 18.5009 11.9566 18.5009 13.1661V13.5006C18.5009 14.3312 17.8292 15 17.0004 15H12.8299ZM16.8342 13.1661C16.8342 12.7054 16.4618 12.3333 15.9978 12.3333C15.3547 12.3333 14.8342 11.809 14.8342 11.1691V6.83308C14.8342 3.97949 12.5215 1.66667 9.66756 1.66667C6.81357 1.66667 4.5009 3.97886 4.5009 6.83308V11.1691C4.5009 11.8118 3.97775 12.3333 3.3373 12.3333C2.87514 12.3333 2.5009 12.7068 2.5009 13.1661V13.3333H16.8342V13.1661Z"
                fill="#111111"
              />
            </svg>
            <div
              class="mantine-Text-root mantine-Group-child __mantine-ref-text mantine-1b3ywxa"
            >
              Notifications
            </div>
          </div>
        </button>
      </div>
      <div
        class="mantine-khtkeg"
      >
        <button
          class="mantine-UnstyledButton-root mantine-1fq8ags"
          type="button"
        >
          <div
            class="mantine-Group-root mantine-6y1794"
          >
            <svg
              class="mantine-gnzaph mantine-Group-child"
              height="1em"
              viewBox="0 0 18 18"
              width="1em"
              xmlns="http://www.w3.org/2000/svg"
            >
              <path
                d="M8.96198 9.67401C6.30559 9.67401 4.12498 7.49339 4.12498 4.837C4.12498 2.14097 6.26595 0 8.96198 0C11.658 0 13.799 2.18062 13.799 4.837C13.7593 7.49339 11.6184 9.67401 8.96198 9.67401ZM8.96198 1.5859C7.17784 1.5859 5.71088 3.05286 5.71088 4.837C5.71088 6.62115 7.17784 8.08811 8.96198 8.08811C10.7461 8.08811 12.2131 6.62115 12.2131 4.837C12.2131 3.05286 10.7461 1.5859 8.96198 1.5859ZM17.0897 15.1454C17.0897 13.0837 15.3452 10.9031 13.9179 9.43612L12.7682 10.5463C14.5126 12.2907 15.5038 13.9559 15.5038 15.1454V16.4141H2.42013V15.1454C2.42013 13.9559 3.37167 12.2907 5.07652 10.5463L3.92674 9.43612C2.53907 10.9031 0.834229 13.0837 0.834229 15.1454V18H17.0897V15.1454Z"
                fill="#111111"
              />
            </svg>
            <div
              class="mantine-Text-root mantine-Group-child __mantine-ref-text mantine-1b3ywxa"
            >
              Account
            </div>
          </div>
        </button>
      </div>
      <div
        class="mantine-khtkeg"
      >
        <div
          class="mantine-b98ato"
        >
          <button
            class="mantine-UnstyledButton-root mantine-3om9so"
            type="button"
          >
            <div
              class="mantine-Stack-root mantine-lfk3cq"
            >
              <div
                class="mantine-Group-root mantine-1lumg83"
              >
                <svg
                  class="mantine-Group-child mantine-oilh7i"
                  fill="none"
                  height="1em"
                  viewBox="0 0 20 20"
                  width="1em"
                  xmlns="http://www.w3.org/2000/svg"
                >
                  <g
                    clip-path="url(#clip0_3508_17165)"
                  >
                    <path
                      d="M10.0026 0C4.4815 0 -0.00311409 4.48323 0.0039145 9.9987C0.00529892 11.1022 0.18128 12.1636 0.51157 13.1565H3.5034V4.74512L10.0026 11.2436L16.5015 4.74512V13.1567H19.494C19.8247 12.1639 19.9998 11.1024 20.0018 9.99885C20.0112 4.47764 15.5243 0.00133103 10.0026 0.00133103V0Z"
                      fill="#111111"
                    />
                    <path
                      d="M8.50535 12.7375L5.66905 9.90137V15.1943H3.50057L1.45435 15.1946C3.20952 18.0739 6.38154 20 9.99999 20C13.6184 20 16.7906 18.0735 18.5461 15.1942H14.3303V9.90137L11.4938 12.7375L9.99967 14.2315L8.50545 12.7375H8.50535Z"
                      fill="#111111"
                    />
                  </g>
                  <defs>
                    <clippath
                      id="clip0_3508_17165"
                    >
                      <rect
                        fill="white"
                        height="20"
                        width="20"
                      />
                    </clippath>
                  </defs>
                </svg>
                <div
                  class="mantine-Text-root mantine-Group-child mantine-1iw7oli"
                >
                  Available Balance
                </div>
              </div>
              <div
                class="mantine-Stack-root mantine-1kb6t4k"
              >
                <div
                  class="mantine-Group-root mantine-6y1794"
                >
                  <div
                    class="mantine-Text-root mantine-Group-child mantine-q5labh"
                  >
                    10.647382650365
                  </div>
                  <svg
                    class="mantine-Group-child mantine-qg5oag"
                    fill="none"
                    height="1em"
                    viewBox="0 0 7 4"
                    width="1em"
                    xmlns="http://www.w3.org/2000/svg"
                  >
                    <path
                      clip-rule="evenodd"
                      d="M2.91916 3.69319C3.23963 4.04927 3.76166 4.04657 4.07971 3.69319L6.82329 0.644746C7.14377 0.288661 7.01636 0 6.53811 0H0.460749C-0.0172283 0 -0.14248 0.291357 0.17557 0.644746L2.91916 3.69319Z"
                      fill="#111111"
                      fill-rule="evenodd"
                    />
                  </svg>
                </div>
                <div
                  class="mantine-Text-root mantine-1pfxwhx"
                >
                  (EUR 2441,02)
                </div>
              </div>
              <div
                aria-hidden="true"
                class="mantine-1avyp1d"
                style="box-sizing: border-box; display: none; height: 0px; overflow: hidden;"
              >
                <div
                  style="opacity: 0; transition: opacity 200ms ease;"
                >
                  <div
                    class="mantine-Stack-root mantine-lfk3cq"
                  >
                    <div
                      class="mantine-Stack-root mantine-1kb6t4k"
                    >
                      <div
                        class="mantine-Text-root mantine-kaqdcf"
                      >
                        Total
                      </div>
                      <div
                        class="mantine-Text-root mantine-14d5cdm"
                      >
                        14.048212174412
                      </div>
                    </div>
                    <div
                      class="mantine-Stack-root mantine-1kb6t4k"
                    >
                      <div
                        class="mantine-Text-root mantine-kaqdcf"
                      >
                        Reserved
                      </div>
                      <div
                        class="mantine-Text-root mantine-14d5cdm"
                      >
                        2.874598526325
                      </div>
                    </div>
                    <div
                      class="mantine-Stack-root mantine-1kb6t4k"
                    >
                      <div
                        class="mantine-Text-root mantine-kaqdcf"
                      >
                        Locked
                      </div>
                      <div
                        class="mantine-Text-root mantine-14d5cdm"
                      >
                        0.854975624859
                      </div>
                    </div>
                  </div>
                </div>
              </div>
            </div>
          </button>
        </div>
      </div>
      <div
        class="mantine-khtkeg"
      >
        <div
          class="mantine-1avyp1d"
        >
          <div
            class="mantine-Stack-root mantine-lfk3cq"
          >
            <span
              class="mantine-dpd0wv"
            />
            <div
              class="mantine-Text-root mantine-1xeon27"
            >
              Fully Synced
            </div>
          </div>
        </div>
      </div>
    </nav>
  </div>
</DocumentFragment>
`;
